// Jest Snapshot v1, https://goo.gl/fbAQLP

exports[`<WelcomeBanner /> correctly renders 1`] = `
<StyledComponent
  forwardedComponent={
    Object {
      "$$typeof": Symbol(react.forward_ref),
      "attrs": Array [],
      "componentStyle": ComponentStyle {
        "componentId": "sc-bdVaJa",
        "isStatic": true,
        "rules": Array [
          "
  height: 500px;
  width: 100%;
  background: url('https://images-2.wuaki.tv/system/images/1072/original/visitor-generic-slider-web-1545911642-width1920-quality80.jpeg');
  background-position: center center;
  background-size: cover;
  background-repeat: no-repeat;
",
        ],
      },
      "displayName": "styled.div",
      "foldedComponentIds": Array [],
      "render": [Function],
      "styledComponentId": "sc-bdVaJa",
      "target": "div",
      "toString": [Function],
      "warnTooManyClasses": [Function],
      "withComponent": [Function],
    }
  }
  forwardedRef={null}
/>
`;
